// Jest Snapshot v1, https://goo.gl/fbAQLP

exports[`IPFS Agent should store file on ipfs 1`] = `
Array [
  "test/api/v0/add?pin=true",
  Object {
    "body": FormData {
      "_boundary": "--------------------------119784020157390999052484",
      "_currentStream": null,
      "_insideLoop": false,
      "_overheadLength": 143,
      "_pendingNext": false,
      "_released": false,
      "_streams": Array [
        "----------------------------119784020157390999052484
Content-Disposition: form-data; name=\\"file\\"
Content-Type: application/octet-stream

",
        Object {
          "data": Array [
            123,
            34,
            100,
            97,
            116,
            97,
            34,
            58,
            34,
            116,
            101,
            115,
            116,
            34,
            125,
          ],
          "type": "Buffer",
        },
        [Function],
      ],
      "_valueLength": 15,
      "_valuesToMeasure": Array [],
      "dataSize": 0,
      "maxDataSize": 2097152,
      "pauseStreams": true,
      "readable": true,
      "writable": false,
    },
    "method": "POST",
  },
]
`;
